
pair_style snap
pair_coeff * * Mo.snapcoeff Mo Mo.snapparam Mo
